
         /\      Grafana   /‾‾/  
    /\  /  \     |\  __   /  /   
   /  \/    \    | |/ /  /   ‾‾\ 
  /          \   |   (  |  (‾)  |
 / __________ \  |_|\_\  \_____/ 

     execution: local
        script: /tests/scaling.js
        output: -

     scenarios: (100.00%) 1 scenario, 150 max VUs, 3m10s max duration (incl. graceful stop):
              * rollout: 30.00 iterations/s for 3m0s (maxVUs: 30-150, gracefulStop: 10s)


running (0m01.0s), 000/030 VUs, 30 complete and 0 interrupted iterations
rollout   [   1% ] 000/030 VUs  0m01.0s/3m0s  30.00 iters/s

running (0m02.0s), 000/030 VUs, 60 complete and 0 interrupted iterations
rollout   [   1% ] 000/030 VUs  0m02.0s/3m0s  30.00 iters/s

running (0m03.0s), 000/030 VUs, 90 complete and 0 interrupted iterations
rollout   [   2% ] 000/030 VUs  0m03.0s/3m0s  30.00 iters/s

running (0m04.0s), 000/030 VUs, 120 complete and 0 interrupted iterations
rollout   [   2% ] 000/030 VUs  0m04.0s/3m0s  30.00 iters/s

running (0m05.0s), 000/030 VUs, 150 complete and 0 interrupted iterations
rollout   [   3% ] 000/030 VUs  0m05.0s/3m0s  30.00 iters/s

running (0m06.0s), 000/030 VUs, 180 complete and 0 interrupted iterations
rollout   [   3% ] 000/030 VUs  0m06.0s/3m0s  30.00 iters/s

running (0m07.0s), 000/030 VUs, 210 complete and 0 interrupted iterations
rollout   [   4% ] 000/030 VUs  0m07.0s/3m0s  30.00 iters/s

running (0m08.0s), 000/030 VUs, 240 complete and 0 interrupted iterations
rollout   [   4% ] 000/030 VUs  0m08.0s/3m0s  30.00 iters/s

running (0m09.0s), 000/030 VUs, 270 complete and 0 interrupted iterations
rollout   [   5% ] 000/030 VUs  0m09.0s/3m0s  30.00 iters/s

running (0m10.0s), 000/030 VUs, 300 complete and 0 interrupted iterations
rollout   [   6% ] 000/030 VUs  0m10.0s/3m0s  30.00 iters/s

running (0m11.0s), 000/030 VUs, 330 complete and 0 interrupted iterations
rollout   [   6% ] 000/030 VUs  0m11.0s/3m0s  30.00 iters/s

running (0m12.0s), 000/030 VUs, 360 complete and 0 interrupted iterations
rollout   [   7% ] 000/030 VUs  0m12.0s/3m0s  30.00 iters/s

running (0m13.0s), 000/030 VUs, 390 complete and 0 interrupted iterations
rollout   [   7% ] 000/030 VUs  0m13.0s/3m0s  30.00 iters/s

running (0m14.0s), 000/030 VUs, 420 complete and 0 interrupted iterations
rollout   [   8% ] 000/030 VUs  0m14.0s/3m0s  30.00 iters/s

running (0m15.0s), 000/030 VUs, 450 complete and 0 interrupted iterations
rollout   [   8% ] 000/030 VUs  0m15.0s/3m0s  30.00 iters/s

running (0m16.0s), 000/030 VUs, 480 complete and 0 interrupted iterations
rollout   [   9% ] 000/030 VUs  0m16.0s/3m0s  30.00 iters/s

running (0m17.0s), 000/030 VUs, 510 complete and 0 interrupted iterations
rollout   [   9% ] 000/030 VUs  0m17.0s/3m0s  30.00 iters/s

running (0m18.0s), 000/030 VUs, 540 complete and 0 interrupted iterations
rollout   [  10% ] 000/030 VUs  0m18.0s/3m0s  30.00 iters/s

running (0m19.0s), 000/030 VUs, 570 complete and 0 interrupted iterations
rollout   [  11% ] 000/030 VUs  0m19.0s/3m0s  30.00 iters/s

running (0m20.0s), 000/030 VUs, 600 complete and 0 interrupted iterations
rollout   [  11% ] 000/030 VUs  0m20.0s/3m0s  30.00 iters/s

running (0m21.0s), 000/030 VUs, 630 complete and 0 interrupted iterations
rollout   [  12% ] 000/030 VUs  0m21.0s/3m0s  30.00 iters/s

running (0m22.0s), 000/030 VUs, 660 complete and 0 interrupted iterations
rollout   [  12% ] 000/030 VUs  0m22.0s/3m0s  30.00 iters/s

running (0m23.0s), 000/030 VUs, 690 complete and 0 interrupted iterations
rollout   [  13% ] 000/030 VUs  0m23.0s/3m0s  30.00 iters/s

running (0m24.0s), 000/030 VUs, 720 complete and 0 interrupted iterations
rollout   [  13% ] 000/030 VUs  0m24.0s/3m0s  30.00 iters/s

running (0m25.0s), 000/030 VUs, 750 complete and 0 interrupted iterations
rollout   [  14% ] 000/030 VUs  0m25.0s/3m0s  30.00 iters/s

running (0m26.0s), 000/030 VUs, 780 complete and 0 interrupted iterations
rollout   [  14% ] 000/030 VUs  0m26.0s/3m0s  30.00 iters/s

running (0m27.0s), 000/030 VUs, 810 complete and 0 interrupted iterations
rollout   [  15% ] 000/030 VUs  0m27.0s/3m0s  30.00 iters/s

running (0m28.0s), 000/030 VUs, 840 complete and 0 interrupted iterations
rollout   [  16% ] 000/030 VUs  0m28.0s/3m0s  30.00 iters/s

running (0m29.0s), 000/030 VUs, 870 complete and 0 interrupted iterations
rollout   [  16% ] 000/030 VUs  0m29.0s/3m0s  30.00 iters/s

running (0m30.0s), 000/030 VUs, 900 complete and 0 interrupted iterations
rollout   [  17% ] 000/030 VUs  0m30.0s/3m0s  30.00 iters/s

running (0m31.0s), 000/030 VUs, 930 complete and 0 interrupted iterations
rollout   [  17% ] 000/030 VUs  0m31.0s/3m0s  30.00 iters/s

running (0m32.0s), 001/030 VUs, 959 complete and 0 interrupted iterations
rollout   [  18% ] 001/030 VUs  0m32.0s/3m0s  30.00 iters/s

running (0m33.0s), 000/030 VUs, 990 complete and 0 interrupted iterations
rollout   [  18% ] 000/030 VUs  0m33.0s/3m0s  30.00 iters/s

running (0m34.0s), 000/030 VUs, 1020 complete and 0 interrupted iterations
rollout   [  19% ] 000/030 VUs  0m34.0s/3m0s  30.00 iters/s

running (0m35.0s), 000/030 VUs, 1050 complete and 0 interrupted iterations
rollout   [  19% ] 000/030 VUs  0m35.0s/3m0s  30.00 iters/s

running (0m36.0s), 000/030 VUs, 1080 complete and 0 interrupted iterations
rollout   [  20% ] 000/030 VUs  0m36.0s/3m0s  30.00 iters/s

running (0m37.0s), 001/030 VUs, 1109 complete and 0 interrupted iterations
rollout   [  21% ] 001/030 VUs  0m37.0s/3m0s  30.00 iters/s

running (0m38.0s), 000/030 VUs, 1140 complete and 0 interrupted iterations
rollout   [  21% ] 000/030 VUs  0m38.0s/3m0s  30.00 iters/s

running (0m39.0s), 000/030 VUs, 1170 complete and 0 interrupted iterations
rollout   [  22% ] 000/030 VUs  0m39.0s/3m0s  30.00 iters/s

running (0m40.0s), 000/030 VUs, 1200 complete and 0 interrupted iterations
rollout   [  22% ] 000/030 VUs  0m40.0s/3m0s  30.00 iters/s

running (0m41.0s), 000/030 VUs, 1230 complete and 0 interrupted iterations
rollout   [  23% ] 000/030 VUs  0m41.0s/3m0s  30.00 iters/s

running (0m42.0s), 000/030 VUs, 1260 complete and 0 interrupted iterations
rollout   [  23% ] 000/030 VUs  0m42.0s/3m0s  30.00 iters/s

running (0m43.0s), 000/030 VUs, 1290 complete and 0 interrupted iterations
rollout   [  24% ] 000/030 VUs  0m43.0s/3m0s  30.00 iters/s

running (0m44.0s), 000/030 VUs, 1320 complete and 0 interrupted iterations
rollout   [  24% ] 000/030 VUs  0m44.0s/3m0s  30.00 iters/s

running (0m45.0s), 000/030 VUs, 1350 complete and 0 interrupted iterations
rollout   [  25% ] 000/030 VUs  0m45.0s/3m0s  30.00 iters/s

running (0m46.0s), 000/030 VUs, 1380 complete and 0 interrupted iterations
rollout   [  26% ] 000/030 VUs  0m46.0s/3m0s  30.00 iters/s

running (0m47.0s), 000/030 VUs, 1410 complete and 0 interrupted iterations
rollout   [  26% ] 000/030 VUs  0m47.0s/3m0s  30.00 iters/s

running (0m48.0s), 000/030 VUs, 1440 complete and 0 interrupted iterations
rollout   [  27% ] 000/030 VUs  0m48.0s/3m0s  30.00 iters/s

running (0m49.0s), 000/030 VUs, 1470 complete and 0 interrupted iterations
rollout   [  27% ] 000/030 VUs  0m49.0s/3m0s  30.00 iters/s

running (0m50.0s), 000/030 VUs, 1500 complete and 0 interrupted iterations
rollout   [  28% ] 000/030 VUs  0m50.0s/3m0s  30.00 iters/s

running (0m51.0s), 000/030 VUs, 1530 complete and 0 interrupted iterations
rollout   [  28% ] 000/030 VUs  0m51.0s/3m0s  30.00 iters/s

running (0m52.0s), 000/030 VUs, 1560 complete and 0 interrupted iterations
rollout   [  29% ] 000/030 VUs  0m52.0s/3m0s  30.00 iters/s

running (0m53.0s), 000/030 VUs, 1590 complete and 0 interrupted iterations
rollout   [  29% ] 000/030 VUs  0m53.0s/3m0s  30.00 iters/s

running (0m54.0s), 000/030 VUs, 1620 complete and 0 interrupted iterations
rollout   [  30% ] 000/030 VUs  0m54.0s/3m0s  30.00 iters/s

running (0m55.0s), 000/030 VUs, 1650 complete and 0 interrupted iterations
rollout   [  31% ] 000/030 VUs  0m55.0s/3m0s  30.00 iters/s

running (0m56.0s), 000/030 VUs, 1680 complete and 0 interrupted iterations
rollout   [  31% ] 000/030 VUs  0m56.0s/3m0s  30.00 iters/s

running (0m57.0s), 000/030 VUs, 1710 complete and 0 interrupted iterations
rollout   [  32% ] 000/030 VUs  0m57.0s/3m0s  30.00 iters/s

running (0m58.0s), 000/030 VUs, 1740 complete and 0 interrupted iterations
rollout   [  32% ] 000/030 VUs  0m58.0s/3m0s  30.00 iters/s

running (0m59.0s), 000/030 VUs, 1770 complete and 0 interrupted iterations
rollout   [  33% ] 000/030 VUs  0m59.0s/3m0s  30.00 iters/s

running (1m00.0s), 000/030 VUs, 1800 complete and 0 interrupted iterations
rollout   [  33% ] 000/030 VUs  1m00.0s/3m0s  30.00 iters/s

running (1m01.0s), 000/030 VUs, 1830 complete and 0 interrupted iterations
rollout   [  34% ] 000/030 VUs  1m01.0s/3m0s  30.00 iters/s

running (1m02.0s), 000/030 VUs, 1860 complete and 0 interrupted iterations
rollout   [  34% ] 000/030 VUs  1m02.0s/3m0s  30.00 iters/s

running (1m03.0s), 000/030 VUs, 1890 complete and 0 interrupted iterations
rollout   [  35% ] 000/030 VUs  1m03.0s/3m0s  30.00 iters/s

running (1m04.0s), 000/030 VUs, 1920 complete and 0 interrupted iterations
rollout   [  36% ] 000/030 VUs  1m04.0s/3m0s  30.00 iters/s

running (1m05.0s), 000/030 VUs, 1950 complete and 0 interrupted iterations
rollout   [  36% ] 000/030 VUs  1m05.0s/3m0s  30.00 iters/s

running (1m06.0s), 000/030 VUs, 1980 complete and 0 interrupted iterations
rollout   [  37% ] 000/030 VUs  1m06.0s/3m0s  30.00 iters/s

running (1m07.0s), 000/030 VUs, 2010 complete and 0 interrupted iterations
rollout   [  37% ] 000/030 VUs  1m07.0s/3m0s  30.00 iters/s

running (1m08.0s), 000/030 VUs, 2040 complete and 0 interrupted iterations
rollout   [  38% ] 000/030 VUs  1m08.0s/3m0s  30.00 iters/s

running (1m09.0s), 000/030 VUs, 2070 complete and 0 interrupted iterations
rollout   [  38% ] 000/030 VUs  1m09.0s/3m0s  30.00 iters/s

running (1m10.0s), 000/030 VUs, 2100 complete and 0 interrupted iterations
rollout   [  39% ] 000/030 VUs  1m10.0s/3m0s  30.00 iters/s

running (1m11.0s), 000/030 VUs, 2130 complete and 0 interrupted iterations
rollout   [  39% ] 000/030 VUs  1m11.0s/3m0s  30.00 iters/s

running (1m12.0s), 001/030 VUs, 2159 complete and 0 interrupted iterations
rollout   [  40% ] 001/030 VUs  1m12.0s/3m0s  30.00 iters/s

running (1m13.0s), 000/030 VUs, 2190 complete and 0 interrupted iterations
rollout   [  41% ] 000/030 VUs  1m13.0s/3m0s  30.00 iters/s

running (1m14.0s), 000/030 VUs, 2220 complete and 0 interrupted iterations
rollout   [  41% ] 000/030 VUs  1m14.0s/3m0s  30.00 iters/s

running (1m15.0s), 000/030 VUs, 2250 complete and 0 interrupted iterations
rollout   [  42% ] 000/030 VUs  1m15.0s/3m0s  30.00 iters/s

running (1m16.0s), 000/030 VUs, 2280 complete and 0 interrupted iterations
rollout   [  42% ] 000/030 VUs  1m16.0s/3m0s  30.00 iters/s

running (1m17.0s), 000/030 VUs, 2310 complete and 0 interrupted iterations
rollout   [  43% ] 000/030 VUs  1m17.0s/3m0s  30.00 iters/s

running (1m18.0s), 000/030 VUs, 2340 complete and 0 interrupted iterations
rollout   [  43% ] 000/030 VUs  1m18.0s/3m0s  30.00 iters/s

running (1m19.0s), 000/030 VUs, 2370 complete and 0 interrupted iterations
rollout   [  44% ] 000/030 VUs  1m19.0s/3m0s  30.00 iters/s

running (1m20.0s), 000/030 VUs, 2400 complete and 0 interrupted iterations
rollout   [  44% ] 000/030 VUs  1m20.0s/3m0s  30.00 iters/s

running (1m21.0s), 000/030 VUs, 2430 complete and 0 interrupted iterations
rollout   [  45% ] 000/030 VUs  1m21.0s/3m0s  30.00 iters/s

running (1m22.0s), 000/030 VUs, 2460 complete and 0 interrupted iterations
rollout   [  46% ] 000/030 VUs  1m22.0s/3m0s  30.00 iters/s

running (1m23.0s), 000/030 VUs, 2490 complete and 0 interrupted iterations
rollout   [  46% ] 000/030 VUs  1m23.0s/3m0s  30.00 iters/s

running (1m24.0s), 000/030 VUs, 2520 complete and 0 interrupted iterations
rollout   [  47% ] 000/030 VUs  1m24.0s/3m0s  30.00 iters/s

running (1m25.0s), 000/030 VUs, 2550 complete and 0 interrupted iterations
rollout   [  47% ] 000/030 VUs  1m25.0s/3m0s  30.00 iters/s

running (1m26.0s), 000/030 VUs, 2580 complete and 0 interrupted iterations
rollout   [  48% ] 000/030 VUs  1m26.0s/3m0s  30.00 iters/s

running (1m27.0s), 000/030 VUs, 2610 complete and 0 interrupted iterations
rollout   [  48% ] 000/030 VUs  1m27.0s/3m0s  30.00 iters/s

running (1m28.0s), 000/030 VUs, 2640 complete and 0 interrupted iterations
rollout   [  49% ] 000/030 VUs  1m28.0s/3m0s  30.00 iters/s

running (1m29.0s), 000/030 VUs, 2670 complete and 0 interrupted iterations
rollout   [  49% ] 000/030 VUs  1m29.0s/3m0s  30.00 iters/s

running (1m30.0s), 000/030 VUs, 2700 complete and 0 interrupted iterations
rollout   [  50% ] 000/030 VUs  1m30.0s/3m0s  30.00 iters/s

running (1m31.0s), 000/030 VUs, 2730 complete and 0 interrupted iterations
rollout   [  51% ] 000/030 VUs  1m31.0s/3m0s  30.00 iters/s

running (1m32.0s), 000/030 VUs, 2760 complete and 0 interrupted iterations
rollout   [  51% ] 000/030 VUs  1m32.0s/3m0s  30.00 iters/s

running (1m33.0s), 000/030 VUs, 2790 complete and 0 interrupted iterations
rollout   [  52% ] 000/030 VUs  1m33.0s/3m0s  30.00 iters/s

running (1m34.0s), 000/030 VUs, 2820 complete and 0 interrupted iterations
rollout   [  52% ] 000/030 VUs  1m34.0s/3m0s  30.00 iters/s

running (1m35.0s), 000/030 VUs, 2850 complete and 0 interrupted iterations
rollout   [  53% ] 000/030 VUs  1m35.0s/3m0s  30.00 iters/s

running (1m36.0s), 000/030 VUs, 2880 complete and 0 interrupted iterations
rollout   [  53% ] 000/030 VUs  1m36.0s/3m0s  30.00 iters/s

running (1m37.0s), 000/030 VUs, 2910 complete and 0 interrupted iterations
rollout   [  54% ] 000/030 VUs  1m37.0s/3m0s  30.00 iters/s

running (1m38.0s), 000/030 VUs, 2940 complete and 0 interrupted iterations
rollout   [  54% ] 000/030 VUs  1m38.0s/3m0s  30.00 iters/s

running (1m39.0s), 000/030 VUs, 2970 complete and 0 interrupted iterations
rollout   [  55% ] 000/030 VUs  1m39.0s/3m0s  30.00 iters/s

running (1m40.0s), 000/030 VUs, 3000 complete and 0 interrupted iterations
rollout   [  56% ] 000/030 VUs  1m40.0s/3m0s  30.00 iters/s

running (1m41.0s), 000/030 VUs, 3030 complete and 0 interrupted iterations
rollout   [  56% ] 000/030 VUs  1m41.0s/3m0s  30.00 iters/s

running (1m42.0s), 000/030 VUs, 3060 complete and 0 interrupted iterations
rollout   [  57% ] 000/030 VUs  1m42.0s/3m0s  30.00 iters/s

running (1m43.0s), 000/030 VUs, 3090 complete and 0 interrupted iterations
rollout   [  57% ] 000/030 VUs  1m43.0s/3m0s  30.00 iters/s

running (1m44.0s), 000/030 VUs, 3120 complete and 0 interrupted iterations
rollout   [  58% ] 000/030 VUs  1m44.0s/3m0s  30.00 iters/s

running (1m45.0s), 000/030 VUs, 3150 complete and 0 interrupted iterations
rollout   [  58% ] 000/030 VUs  1m45.0s/3m0s  30.00 iters/s

running (1m46.0s), 000/030 VUs, 3180 complete and 0 interrupted iterations
rollout   [  59% ] 000/030 VUs  1m46.0s/3m0s  30.00 iters/s

running (1m47.0s), 000/030 VUs, 3210 complete and 0 interrupted iterations
rollout   [  59% ] 000/030 VUs  1m47.0s/3m0s  30.00 iters/s

running (1m48.0s), 000/030 VUs, 3240 complete and 0 interrupted iterations
rollout   [  60% ] 000/030 VUs  1m48.0s/3m0s  30.00 iters/s

running (1m49.0s), 000/030 VUs, 3270 complete and 0 interrupted iterations
rollout   [  61% ] 000/030 VUs  1m49.0s/3m0s  30.00 iters/s

running (1m50.0s), 000/030 VUs, 3300 complete and 0 interrupted iterations
rollout   [  61% ] 000/030 VUs  1m50.0s/3m0s  30.00 iters/s

running (1m51.0s), 000/030 VUs, 3330 complete and 0 interrupted iterations
rollout   [  62% ] 000/030 VUs  1m51.0s/3m0s  30.00 iters/s

running (1m52.0s), 000/030 VUs, 3360 complete and 0 interrupted iterations
rollout   [  62% ] 000/030 VUs  1m52.0s/3m0s  30.00 iters/s

running (1m53.0s), 000/030 VUs, 3390 complete and 0 interrupted iterations
rollout   [  63% ] 000/030 VUs  1m53.0s/3m0s  30.00 iters/s

running (1m54.0s), 000/030 VUs, 3420 complete and 0 interrupted iterations
rollout   [  63% ] 000/030 VUs  1m54.0s/3m0s  30.00 iters/s

running (1m55.0s), 000/030 VUs, 3450 complete and 0 interrupted iterations
rollout   [  64% ] 000/030 VUs  1m55.0s/3m0s  30.00 iters/s

running (1m56.0s), 000/030 VUs, 3480 complete and 0 interrupted iterations
rollout   [  64% ] 000/030 VUs  1m56.0s/3m0s  30.00 iters/s

running (1m57.0s), 000/030 VUs, 3510 complete and 0 interrupted iterations
rollout   [  65% ] 000/030 VUs  1m57.0s/3m0s  30.00 iters/s

running (1m58.0s), 000/030 VUs, 3540 complete and 0 interrupted iterations
rollout   [  66% ] 000/030 VUs  1m58.0s/3m0s  30.00 iters/s

running (1m59.0s), 000/030 VUs, 3570 complete and 0 interrupted iterations
rollout   [  66% ] 000/030 VUs  1m59.0s/3m0s  30.00 iters/s

running (2m00.0s), 000/030 VUs, 3600 complete and 0 interrupted iterations
rollout   [  67% ] 000/030 VUs  2m00.0s/3m0s  30.00 iters/s

running (2m01.0s), 000/030 VUs, 3630 complete and 0 interrupted iterations
rollout   [  67% ] 000/030 VUs  2m01.0s/3m0s  30.00 iters/s

running (2m02.0s), 000/030 VUs, 3660 complete and 0 interrupted iterations
rollout   [  68% ] 000/030 VUs  2m02.0s/3m0s  30.00 iters/s

running (2m03.0s), 000/030 VUs, 3690 complete and 0 interrupted iterations
rollout   [  68% ] 000/030 VUs  2m03.0s/3m0s  30.00 iters/s

running (2m04.0s), 000/030 VUs, 3720 complete and 0 interrupted iterations
rollout   [  69% ] 000/030 VUs  2m04.0s/3m0s  30.00 iters/s

running (2m05.0s), 000/030 VUs, 3750 complete and 0 interrupted iterations
rollout   [  69% ] 000/030 VUs  2m05.0s/3m0s  30.00 iters/s

running (2m06.0s), 000/030 VUs, 3780 complete and 0 interrupted iterations
rollout   [  70% ] 000/030 VUs  2m06.0s/3m0s  30.00 iters/s

running (2m07.0s), 000/030 VUs, 3810 complete and 0 interrupted iterations
rollout   [  71% ] 000/030 VUs  2m07.0s/3m0s  30.00 iters/s

running (2m08.0s), 000/030 VUs, 3840 complete and 0 interrupted iterations
rollout   [  71% ] 000/030 VUs  2m08.0s/3m0s  30.00 iters/s

running (2m09.0s), 000/030 VUs, 3870 complete and 0 interrupted iterations
rollout   [  72% ] 000/030 VUs  2m09.0s/3m0s  30.00 iters/s

running (2m10.0s), 000/030 VUs, 3900 complete and 0 interrupted iterations
rollout   [  72% ] 000/030 VUs  2m10.0s/3m0s  30.00 iters/s

running (2m11.0s), 000/030 VUs, 3930 complete and 0 interrupted iterations
rollout   [  73% ] 000/030 VUs  2m11.0s/3m0s  30.00 iters/s

running (2m12.0s), 000/030 VUs, 3960 complete and 0 interrupted iterations
rollout   [  73% ] 000/030 VUs  2m12.0s/3m0s  30.00 iters/s

running (2m13.0s), 000/030 VUs, 3990 complete and 0 interrupted iterations
rollout   [  74% ] 000/030 VUs  2m13.0s/3m0s  30.00 iters/s

running (2m14.0s), 000/030 VUs, 4020 complete and 0 interrupted iterations
rollout   [  74% ] 000/030 VUs  2m14.0s/3m0s  30.00 iters/s

running (2m15.0s), 000/030 VUs, 4050 complete and 0 interrupted iterations
rollout   [  75% ] 000/030 VUs  2m15.0s/3m0s  30.00 iters/s

running (2m16.0s), 000/030 VUs, 4080 complete and 0 interrupted iterations
rollout   [  76% ] 000/030 VUs  2m16.0s/3m0s  30.00 iters/s

running (2m17.0s), 000/030 VUs, 4110 complete and 0 interrupted iterations
rollout   [  76% ] 000/030 VUs  2m17.0s/3m0s  30.00 iters/s

running (2m18.0s), 000/030 VUs, 4140 complete and 0 interrupted iterations
rollout   [  77% ] 000/030 VUs  2m18.0s/3m0s  30.00 iters/s

running (2m19.0s), 000/030 VUs, 4170 complete and 0 interrupted iterations
rollout   [  77% ] 000/030 VUs  2m19.0s/3m0s  30.00 iters/s

running (2m20.0s), 000/030 VUs, 4200 complete and 0 interrupted iterations
rollout   [  78% ] 000/030 VUs  2m20.0s/3m0s  30.00 iters/s

running (2m21.0s), 000/030 VUs, 4230 complete and 0 interrupted iterations
rollout   [  78% ] 000/030 VUs  2m21.0s/3m0s  30.00 iters/s

running (2m22.0s), 000/030 VUs, 4260 complete and 0 interrupted iterations
rollout   [  79% ] 000/030 VUs  2m22.0s/3m0s  30.00 iters/s

running (2m23.0s), 000/030 VUs, 4290 complete and 0 interrupted iterations
rollout   [  79% ] 000/030 VUs  2m23.0s/3m0s  30.00 iters/s

running (2m24.0s), 000/030 VUs, 4320 complete and 0 interrupted iterations
rollout   [  80% ] 000/030 VUs  2m24.0s/3m0s  30.00 iters/s

running (2m25.0s), 000/030 VUs, 4350 complete and 0 interrupted iterations
rollout   [  81% ] 000/030 VUs  2m25.0s/3m0s  30.00 iters/s

running (2m26.0s), 000/030 VUs, 4380 complete and 0 interrupted iterations
rollout   [  81% ] 000/030 VUs  2m26.0s/3m0s  30.00 iters/s

running (2m27.0s), 000/030 VUs, 4410 complete and 0 interrupted iterations
rollout   [  82% ] 000/030 VUs  2m27.0s/3m0s  30.00 iters/s

running (2m28.0s), 000/030 VUs, 4440 complete and 0 interrupted iterations
rollout   [  82% ] 000/030 VUs  2m28.0s/3m0s  30.00 iters/s

running (2m29.0s), 000/030 VUs, 4470 complete and 0 interrupted iterations
rollout   [  83% ] 000/030 VUs  2m29.0s/3m0s  30.00 iters/s

running (2m30.0s), 000/030 VUs, 4500 complete and 0 interrupted iterations
rollout   [  83% ] 000/030 VUs  2m30.0s/3m0s  30.00 iters/s

running (2m31.0s), 000/030 VUs, 4530 complete and 0 interrupted iterations
rollout   [  84% ] 000/030 VUs  2m31.0s/3m0s  30.00 iters/s

running (2m32.0s), 000/030 VUs, 4560 complete and 0 interrupted iterations
rollout   [  84% ] 000/030 VUs  2m32.0s/3m0s  30.00 iters/s

running (2m33.0s), 000/030 VUs, 4590 complete and 0 interrupted iterations
rollout   [  85% ] 000/030 VUs  2m33.0s/3m0s  30.00 iters/s

running (2m34.0s), 000/030 VUs, 4620 complete and 0 interrupted iterations
rollout   [  86% ] 000/030 VUs  2m34.0s/3m0s  30.00 iters/s

running (2m35.0s), 000/030 VUs, 4650 complete and 0 interrupted iterations
rollout   [  86% ] 000/030 VUs  2m35.0s/3m0s  30.00 iters/s

running (2m36.0s), 000/030 VUs, 4680 complete and 0 interrupted iterations
rollout   [  87% ] 000/030 VUs  2m36.0s/3m0s  30.00 iters/s

running (2m37.0s), 000/030 VUs, 4710 complete and 0 interrupted iterations
rollout   [  87% ] 000/030 VUs  2m37.0s/3m0s  30.00 iters/s

running (2m38.0s), 000/030 VUs, 4740 complete and 0 interrupted iterations
rollout   [  88% ] 000/030 VUs  2m38.0s/3m0s  30.00 iters/s

running (2m39.0s), 000/030 VUs, 4770 complete and 0 interrupted iterations
rollout   [  88% ] 000/030 VUs  2m39.0s/3m0s  30.00 iters/s

running (2m40.0s), 000/030 VUs, 4800 complete and 0 interrupted iterations
rollout   [  89% ] 000/030 VUs  2m40.0s/3m0s  30.00 iters/s

running (2m41.0s), 000/030 VUs, 4830 complete and 0 interrupted iterations
rollout   [  89% ] 000/030 VUs  2m41.0s/3m0s  30.00 iters/s

running (2m42.0s), 000/030 VUs, 4860 complete and 0 interrupted iterations
rollout   [  90% ] 000/030 VUs  2m42.0s/3m0s  30.00 iters/s

running (2m43.0s), 000/030 VUs, 4890 complete and 0 interrupted iterations
rollout   [  91% ] 000/030 VUs  2m43.0s/3m0s  30.00 iters/s

running (2m44.0s), 000/030 VUs, 4920 complete and 0 interrupted iterations
rollout   [  91% ] 000/030 VUs  2m44.0s/3m0s  30.00 iters/s

running (2m45.0s), 000/030 VUs, 4950 complete and 0 interrupted iterations
rollout   [  92% ] 000/030 VUs  2m45.0s/3m0s  30.00 iters/s

running (2m46.0s), 000/030 VUs, 4980 complete and 0 interrupted iterations
rollout   [  92% ] 000/030 VUs  2m46.0s/3m0s  30.00 iters/s

running (2m47.0s), 000/030 VUs, 5010 complete and 0 interrupted iterations
rollout   [  93% ] 000/030 VUs  2m47.0s/3m0s  30.00 iters/s

running (2m48.0s), 000/030 VUs, 5040 complete and 0 interrupted iterations
rollout   [  93% ] 000/030 VUs  2m48.0s/3m0s  30.00 iters/s

running (2m49.0s), 000/030 VUs, 5070 complete and 0 interrupted iterations
rollout   [  94% ] 000/030 VUs  2m49.0s/3m0s  30.00 iters/s

running (2m50.0s), 000/030 VUs, 5100 complete and 0 interrupted iterations
rollout   [  94% ] 000/030 VUs  2m50.0s/3m0s  30.00 iters/s

running (2m51.0s), 000/030 VUs, 5130 complete and 0 interrupted iterations
rollout   [  95% ] 000/030 VUs  2m51.0s/3m0s  30.00 iters/s

running (2m52.0s), 000/030 VUs, 5160 complete and 0 interrupted iterations
rollout   [  96% ] 000/030 VUs  2m52.0s/3m0s  30.00 iters/s

running (2m53.0s), 000/030 VUs, 5190 complete and 0 interrupted iterations
rollout   [  96% ] 000/030 VUs  2m53.0s/3m0s  30.00 iters/s

running (2m54.0s), 000/030 VUs, 5220 complete and 0 interrupted iterations
rollout   [  97% ] 000/030 VUs  2m54.0s/3m0s  30.00 iters/s

running (2m55.0s), 000/030 VUs, 5250 complete and 0 interrupted iterations
rollout   [  97% ] 000/030 VUs  2m55.0s/3m0s  30.00 iters/s

running (2m56.0s), 000/030 VUs, 5280 complete and 0 interrupted iterations
rollout   [  98% ] 000/030 VUs  2m56.0s/3m0s  30.00 iters/s

running (2m57.0s), 000/030 VUs, 5310 complete and 0 interrupted iterations
rollout   [  98% ] 000/030 VUs  2m57.0s/3m0s  30.00 iters/s

running (2m58.0s), 000/030 VUs, 5340 complete and 0 interrupted iterations
rollout   [  99% ] 000/030 VUs  2m58.0s/3m0s  30.00 iters/s

running (2m59.0s), 000/030 VUs, 5370 complete and 0 interrupted iterations
rollout   [  99% ] 000/030 VUs  2m59.0s/3m0s  30.00 iters/s

running (3m00.0s), 000/030 VUs, 5400 complete and 0 interrupted iterations
rollout   [ 100% ] 000/030 VUs  3m00.0s/3m0s  30.00 iters/s

     ✓ HTTP 200

   ✓ checks.........................: 100.00% 5401 out of 5401
     data_received..................: 80 MB   443 kB/s
     data_sent......................: 654 kB  3.6 kB/s
   ✓ dropped_iterations.............: 0       0/s
     http_req_blocked...............: avg=13.13µs  min=4.15µs  med=7.56µs   max=1.83ms   p(90)=14.7µs   p(95)=24.85µs 
     http_req_connecting............: avg=2.04µs   min=0s      med=0s       max=603.69µs p(90)=0s       p(95)=0s      
     http_req_duration..............: avg=8.06ms   min=4.8ms   med=7.26ms   max=56.13ms  p(90)=11.32ms  p(95)=13.17ms 
       { expected_response:true }...: avg=8.06ms   min=4.8ms   med=7.26ms   max=56.13ms  p(90)=11.32ms  p(95)=13.17ms 
   ✓ http_req_failed................: 0.00%   0 out of 5401
     http_req_receiving.............: avg=136.17µs min=40.98µs med=125.76µs max=1.24ms   p(90)=182.86µs p(95)=213.96µs
     http_req_sending...............: avg=53.81µs  min=14.47µs med=48.46µs  max=441.5µs  p(90)=78.04µs  p(95)=93.73µs 
     http_req_tls_handshaking.......: avg=0s       min=0s      med=0s       max=0s       p(90)=0s       p(95)=0s      
     http_req_waiting...............: avg=7.87ms   min=4.64ms  med=7.08ms   max=56.03ms  p(90)=11.09ms  p(95)=12.91ms 
     http_reqs......................: 5401    30.005988/s
     iteration_duration.............: avg=8.4ms    min=5.09ms  med=7.58ms   max=56.45ms  p(90)=11.7ms   p(95)=13.62ms 
     iterations.....................: 5401    30.005988/s
     vus............................: 0       min=0            max=1 
     vus_max........................: 30      min=30           max=30


running (3m00.0s), 000/030 VUs, 5401 complete and 0 interrupted iterations
rollout ✓ [ 100% ] 000/030 VUs  3m0s  30.00 iters/s
