
         /\      Grafana   /‾‾/  
    /\  /  \     |\  __   /  /   
   /  \/    \    | |/ /  /   ‾‾\ 
  /          \   |   (  |  (‾)  |
 / __________ \  |_|\_\  \_____/ 

     execution: local
        script: /tests/scaling.js
        output: -

     scenarios: (100.00%) 2 scenarios, 300 max VUs, 3m40s max duration (incl. graceful stop):
              * baseline: 5.00 iterations/s for 30s (maxVUs: 30-150, gracefulStop: 10s)
              * load: 100.00 iterations/s for 3m0s (maxVUs: 30-150, startTime: 30s, gracefulStop: 10s)


running (0m01.0s), 000/060 VUs, 5 complete and 0 interrupted iterations
baseline   [   3% ] 000/030 VUs  01.0s/30s  5.00 iters/s
load     • [   0% ] waiting      29.0s     

running (0m02.0s), 000/060 VUs, 10 complete and 0 interrupted iterations
baseline   [   7% ] 000/030 VUs  02.0s/30s  5.00 iters/s
load     • [   0% ] waiting      28.0s     

running (0m03.0s), 000/060 VUs, 15 complete and 0 interrupted iterations
baseline   [  10% ] 000/030 VUs  03.0s/30s  5.00 iters/s
load     • [   0% ] waiting      27.0s     

running (0m04.0s), 000/060 VUs, 20 complete and 0 interrupted iterations
baseline   [  13% ] 000/030 VUs  04.0s/30s  5.00 iters/s
load     • [   0% ] waiting      26.0s     

running (0m05.0s), 000/060 VUs, 25 complete and 0 interrupted iterations
baseline   [  17% ] 000/030 VUs  05.0s/30s  5.00 iters/s
load     • [   0% ] waiting      25.0s     

running (0m06.0s), 000/060 VUs, 30 complete and 0 interrupted iterations
baseline   [  20% ] 000/030 VUs  06.0s/30s  5.00 iters/s
load     • [   0% ] waiting      24.0s     

running (0m07.0s), 000/060 VUs, 35 complete and 0 interrupted iterations
baseline   [  23% ] 000/030 VUs  07.0s/30s  5.00 iters/s
load     • [   0% ] waiting      23.0s     

running (0m08.0s), 000/060 VUs, 40 complete and 0 interrupted iterations
baseline   [  27% ] 000/030 VUs  08.0s/30s  5.00 iters/s
load     • [   0% ] waiting      22.0s     

running (0m09.0s), 000/060 VUs, 45 complete and 0 interrupted iterations
baseline   [  30% ] 000/030 VUs  09.0s/30s  5.00 iters/s
load     • [   0% ] waiting      21.0s     

running (0m10.0s), 000/060 VUs, 50 complete and 0 interrupted iterations
baseline   [  33% ] 000/030 VUs  10.0s/30s  5.00 iters/s
load     • [   0% ] waiting      20.0s     

running (0m11.0s), 000/060 VUs, 55 complete and 0 interrupted iterations
baseline   [  37% ] 000/030 VUs  11.0s/30s  5.00 iters/s
load     • [   0% ] waiting      19.0s     

running (0m12.0s), 000/060 VUs, 60 complete and 0 interrupted iterations
baseline   [  40% ] 000/030 VUs  12.0s/30s  5.00 iters/s
load     • [   0% ] waiting      18.0s     

running (0m13.0s), 000/060 VUs, 65 complete and 0 interrupted iterations
baseline   [  43% ] 000/030 VUs  13.0s/30s  5.00 iters/s
load     • [   0% ] waiting      17.0s     

running (0m14.0s), 000/060 VUs, 70 complete and 0 interrupted iterations
baseline   [  47% ] 000/030 VUs  14.0s/30s  5.00 iters/s
load     • [   0% ] waiting      16.0s     

running (0m15.0s), 000/060 VUs, 75 complete and 0 interrupted iterations
baseline   [  50% ] 000/030 VUs  15.0s/30s  5.00 iters/s
load     • [   0% ] waiting      15.0s     

running (0m16.0s), 000/060 VUs, 80 complete and 0 interrupted iterations
baseline   [  53% ] 000/030 VUs  16.0s/30s  5.00 iters/s
load     • [   0% ] waiting      14.0s     

running (0m17.0s), 000/060 VUs, 85 complete and 0 interrupted iterations
baseline   [  57% ] 000/030 VUs  17.0s/30s  5.00 iters/s
load     • [   0% ] waiting      13.0s     

running (0m18.0s), 000/060 VUs, 90 complete and 0 interrupted iterations
baseline   [  60% ] 000/030 VUs  18.0s/30s  5.00 iters/s
load     • [   0% ] waiting      12.0s     

running (0m19.0s), 000/060 VUs, 95 complete and 0 interrupted iterations
baseline   [  63% ] 000/030 VUs  19.0s/30s  5.00 iters/s
load     • [   0% ] waiting      11.0s     

running (0m20.0s), 000/060 VUs, 100 complete and 0 interrupted iterations
baseline   [  67% ] 000/030 VUs  20.0s/30s  5.00 iters/s
load     • [   0% ] waiting      10.0s     

running (0m21.0s), 000/060 VUs, 105 complete and 0 interrupted iterations
baseline   [  70% ] 000/030 VUs  21.0s/30s  5.00 iters/s
load     • [   0% ] waiting      09.0s     

running (0m22.0s), 000/060 VUs, 110 complete and 0 interrupted iterations
baseline   [  73% ] 000/030 VUs  22.0s/30s  5.00 iters/s
load     • [   0% ] waiting      08.0s     

running (0m23.0s), 000/060 VUs, 115 complete and 0 interrupted iterations
baseline   [  77% ] 000/030 VUs  23.0s/30s  5.00 iters/s
load     • [   0% ] waiting      07.0s     

running (0m24.0s), 000/060 VUs, 120 complete and 0 interrupted iterations
baseline   [  80% ] 000/030 VUs  24.0s/30s  5.00 iters/s
load     • [   0% ] waiting      06.0s     

running (0m25.0s), 000/060 VUs, 125 complete and 0 interrupted iterations
baseline   [  83% ] 000/030 VUs  25.0s/30s  5.00 iters/s
load     • [   0% ] waiting      05.0s     

running (0m26.0s), 000/060 VUs, 130 complete and 0 interrupted iterations
baseline   [  87% ] 000/030 VUs  26.0s/30s  5.00 iters/s
load     • [   0% ] waiting      04.0s     

running (0m27.0s), 000/060 VUs, 135 complete and 0 interrupted iterations
baseline   [  90% ] 000/030 VUs  27.0s/30s  5.00 iters/s
load     • [   0% ] waiting      03.0s     

running (0m28.0s), 000/060 VUs, 140 complete and 0 interrupted iterations
baseline   [  93% ] 000/030 VUs  28.0s/30s  5.00 iters/s
load     • [   0% ] waiting      02.0s     

running (0m29.0s), 000/060 VUs, 145 complete and 0 interrupted iterations
baseline   [  97% ] 000/030 VUs  29.0s/30s  5.00 iters/s
load     • [   0% ] waiting      01.0s     

running (0m30.0s), 000/060 VUs, 150 complete and 0 interrupted iterations
baseline   [ 100% ] 000/030 VUs  30.0s/30s  5.00 iters/s
load     • [   0% ] waiting      00.0s     

running (0m31.0s), 000/060 VUs, 250 complete and 0 interrupted iterations
baseline ✓ [ 100% ] 000/030 VUs  30s           5.00 iters/s
load       [   1% ] 000/030 VUs  0m01.0s/3m0s  100.00 iters/s

running (0m32.0s), 040/070 VUs, 301 complete and 0 interrupted iterations
baseline ✓ [ 100% ] 000/030 VUs  30s           5.00 iters/s
load       [   1% ] 040/040 VUs  0m02.0s/3m0s  100.00 iters/s

running (0m33.0s), 058/088 VUs, 364 complete and 0 interrupted iterations
baseline ✓ [ 100% ] 000/030 VUs  30s           5.00 iters/s
load       [   2% ] 058/058 VUs  0m03.0s/3m0s  100.00 iters/s

running (0m34.0s), 082/112 VUs, 417 complete and 0 interrupted iterations
baseline ✓ [ 100% ] 000/030 VUs  30s           5.00 iters/s
load       [   2% ] 082/082 VUs  0m04.0s/3m0s  100.00 iters/s

running (0m35.0s), 103/133 VUs, 474 complete and 0 interrupted iterations
baseline ✓ [ 100% ] 000/030 VUs  30s           5.00 iters/s
load       [   3% ] 103/103 VUs  0m05.0s/3m0s  100.00 iters/s

running (0m36.0s), 132/162 VUs, 517 complete and 0 interrupted iterations
baseline ✓ [ 100% ] 000/030 VUs  30s           5.00 iters/s
load       [   3% ] 132/132 VUs  0m06.0s/3m0s  100.00 iters/s
time="2026-09-27T11:18:25Z" level=warning msg="Insufficient VUs, reached 150 active VUs and cannot initialize more" executor=constant-arrival-rate scenario=load

running (0m37.0s), 150/180 VUs, 571 complete and 0 interrupted iterations
baseline ✓ [ 100% ] 000/030 VUs  30s           5.00 iters/s
load       [   4% ] 150/150 VUs  0m07.0s/3m0s  100.00 iters/s

running (0m38.0s), 149/180 VUs, 599 complete and 0 interrupted iterations
baseline ✓ [ 100% ] 000/030 VUs  30s           5.00 iters/s
load       [   4% ] 149/150 VUs  0m08.0s/3m0s  100.00 iters/s

running (0m39.0s), 150/180 VUs, 642 complete and 0 interrupted iterations
baseline ✓ [ 100% ] 000/030 VUs  30s           5.00 iters/s
load       [   5% ] 150/150 VUs  0m09.0s/3m0s  100.00 iters/s

running (0m40.0s), 150/180 VUs, 710 complete and 0 interrupted iterations
baseline ✓ [ 100% ] 000/030 VUs  30s           5.00 iters/s
load       [   6% ] 150/150 VUs  0m10.0s/3m0s  100.00 iters/s

running (0m41.0s), 150/180 VUs, 780 complete and 0 interrupted iterations
baseline ✓ [ 100% ] 000/030 VUs  30s           5.00 iters/s
load       [   6% ] 150/150 VUs  0m11.0s/3m0s  100.00 iters/s

running (0m42.0s), 145/180 VUs, 860 complete and 0 interrupted iterations
baseline ✓ [ 100% ] 000/030 VUs  30s           5.00 iters/s
load       [   7% ] 145/150 VUs  0m12.0s/3m0s  100.00 iters/s

running (0m43.0s), 145/180 VUs, 960 complete and 0 interrupted iterations
baseline ✓ [ 100% ] 000/030 VUs  30s           5.00 iters/s
load       [   7% ] 145/150 VUs  0m13.0s/3m0s  100.00 iters/s

running (0m44.0s), 150/180 VUs, 1029 complete and 0 interrupted iterations
baseline ✓ [ 100% ] 000/030 VUs  30s           5.00 iters/s
load       [   8% ] 150/150 VUs  0m14.0s/3m0s  100.00 iters/s

running (0m45.0s), 150/180 VUs, 1104 complete and 0 interrupted iterations
baseline ✓ [ 100% ] 000/030 VUs  30s           5.00 iters/s
load       [   8% ] 150/150 VUs  0m15.0s/3m0s  100.00 iters/s

running (0m46.0s), 148/180 VUs, 1172 complete and 0 interrupted iterations
baseline ✓ [ 100% ] 000/030 VUs  30s           5.00 iters/s
load       [   9% ] 148/150 VUs  0m16.0s/3m0s  100.00 iters/s

running (0m47.0s), 147/180 VUs, 1239 complete and 0 interrupted iterations
baseline ✓ [ 100% ] 000/030 VUs  30s           5.00 iters/s
load       [   9% ] 147/150 VUs  0m17.0s/3m0s  100.00 iters/s

running (0m48.0s), 147/180 VUs, 1331 complete and 0 interrupted iterations
baseline ✓ [ 100% ] 000/030 VUs  30s           5.00 iters/s
load       [  10% ] 147/150 VUs  0m18.0s/3m0s  100.00 iters/s

running (0m49.0s), 150/180 VUs, 1388 complete and 0 interrupted iterations
baseline ✓ [ 100% ] 000/030 VUs  30s           5.00 iters/s
load       [  11% ] 150/150 VUs  0m19.0s/3m0s  100.00 iters/s

running (0m50.0s), 150/180 VUs, 1432 complete and 0 interrupted iterations
baseline ✓ [ 100% ] 000/030 VUs  30s           5.00 iters/s
load       [  11% ] 150/150 VUs  0m20.0s/3m0s  100.00 iters/s

running (0m51.0s), 146/180 VUs, 1495 complete and 0 interrupted iterations
baseline ✓ [ 100% ] 000/030 VUs  30s           5.00 iters/s
load       [  12% ] 146/150 VUs  0m21.0s/3m0s  100.00 iters/s

running (0m52.0s), 150/180 VUs, 1576 complete and 0 interrupted iterations
baseline ✓ [ 100% ] 000/030 VUs  30s           5.00 iters/s
load       [  12% ] 150/150 VUs  0m22.0s/3m0s  100.00 iters/s

running (0m53.0s), 150/180 VUs, 1642 complete and 0 interrupted iterations
baseline ✓ [ 100% ] 000/030 VUs  30s           5.00 iters/s
load       [  13% ] 150/150 VUs  0m23.0s/3m0s  100.00 iters/s

running (0m54.0s), 149/180 VUs, 1706 complete and 0 interrupted iterations
baseline ✓ [ 100% ] 000/030 VUs  30s           5.00 iters/s
load       [  13% ] 149/150 VUs  0m24.0s/3m0s  100.00 iters/s

running (0m55.0s), 150/180 VUs, 1761 complete and 0 interrupted iterations
baseline ✓ [ 100% ] 000/030 VUs  30s           5.00 iters/s
load       [  14% ] 150/150 VUs  0m25.0s/3m0s  100.00 iters/s

running (0m56.0s), 148/180 VUs, 1846 complete and 0 interrupted iterations
baseline ✓ [ 100% ] 000/030 VUs  30s           5.00 iters/s
load       [  14% ] 148/150 VUs  0m26.0s/3m0s  100.00 iters/s

running (0m57.0s), 150/180 VUs, 1916 complete and 0 interrupted iterations
baseline ✓ [ 100% ] 000/030 VUs  30s           5.00 iters/s
load       [  15% ] 150/150 VUs  0m27.0s/3m0s  100.00 iters/s

running (0m58.0s), 134/180 VUs, 2019 complete and 0 interrupted iterations
baseline ✓ [ 100% ] 000/030 VUs  30s           5.00 iters/s
load       [  16% ] 135/150 VUs  0m28.0s/3m0s  100.00 iters/s

running (0m59.0s), 126/180 VUs, 2127 complete and 0 interrupted iterations
baseline ✓ [ 100% ] 000/030 VUs  30s           5.00 iters/s
load       [  16% ] 126/150 VUs  0m29.0s/3m0s  100.00 iters/s

running (1m00.0s), 139/180 VUs, 2215 complete and 0 interrupted iterations
baseline ✓ [ 100% ] 000/030 VUs  30s           5.00 iters/s
load       [  17% ] 139/150 VUs  0m30.0s/3m0s  100.00 iters/s

running (1m01.0s), 135/180 VUs, 2307 complete and 0 interrupted iterations
baseline ✓ [ 100% ] 000/030 VUs  30s           5.00 iters/s
load       [  17% ] 135/150 VUs  0m31.0s/3m0s  100.00 iters/s

running (1m02.0s), 097/180 VUs, 2446 complete and 0 interrupted iterations
baseline ✓ [ 100% ] 000/030 VUs  30s           5.00 iters/s
load       [  18% ] 097/150 VUs  0m32.0s/3m0s  100.00 iters/s

running (1m03.0s), 061/180 VUs, 2582 complete and 0 interrupted iterations
baseline ✓ [ 100% ] 000/030 VUs  30s           5.00 iters/s
load       [  18% ] 061/150 VUs  0m33.0s/3m0s  100.00 iters/s

running (1m04.0s), 044/180 VUs, 2699 complete and 0 interrupted iterations
baseline ✓ [ 100% ] 000/030 VUs  30s           5.00 iters/s
load       [  19% ] 044/150 VUs  0m34.0s/3m0s  100.00 iters/s

running (1m05.0s), 063/180 VUs, 2780 complete and 0 interrupted iterations
baseline ✓ [ 100% ] 000/030 VUs  30s           5.00 iters/s
load       [  19% ] 063/150 VUs  0m35.0s/3m0s  100.00 iters/s

running (1m06.0s), 077/180 VUs, 2866 complete and 0 interrupted iterations
baseline ✓ [ 100% ] 000/030 VUs  30s           5.00 iters/s
load       [  20% ] 077/150 VUs  0m36.0s/3m0s  100.00 iters/s

running (1m07.0s), 093/180 VUs, 2950 complete and 0 interrupted iterations
baseline ✓ [ 100% ] 000/030 VUs  30s           5.00 iters/s
load       [  21% ] 093/150 VUs  0m37.0s/3m0s  100.00 iters/s

running (1m08.0s), 103/180 VUs, 3040 complete and 0 interrupted iterations
baseline ✓ [ 100% ] 000/030 VUs  30s           5.00 iters/s
load       [  21% ] 103/150 VUs  0m38.0s/3m0s  100.00 iters/s

running (1m09.0s), 106/180 VUs, 3137 complete and 0 interrupted iterations
baseline ✓ [ 100% ] 000/030 VUs  30s           5.00 iters/s
load       [  22% ] 106/150 VUs  0m39.0s/3m0s  100.00 iters/s

running (1m10.0s), 124/180 VUs, 3219 complete and 0 interrupted iterations
baseline ✓ [ 100% ] 000/030 VUs  30s           5.00 iters/s
load       [  22% ] 124/150 VUs  0m40.0s/3m0s  100.00 iters/s

running (1m11.0s), 148/180 VUs, 3294 complete and 0 interrupted iterations
baseline ✓ [ 100% ] 000/030 VUs  30s           5.00 iters/s
load       [  23% ] 148/150 VUs  0m41.0s/3m0s  100.00 iters/s

running (1m12.0s), 143/180 VUs, 3391 complete and 0 interrupted iterations
baseline ✓ [ 100% ] 000/030 VUs  30s           5.00 iters/s
load       [  23% ] 143/150 VUs  0m42.0s/3m0s  100.00 iters/s

running (1m13.0s), 127/180 VUs, 3498 complete and 0 interrupted iterations
baseline ✓ [ 100% ] 000/030 VUs  30s           5.00 iters/s
load       [  24% ] 127/150 VUs  0m43.0s/3m0s  100.00 iters/s

running (1m14.0s), 141/180 VUs, 3583 complete and 0 interrupted iterations
baseline ✓ [ 100% ] 000/030 VUs  30s           5.00 iters/s
load       [  24% ] 141/150 VUs  0m44.0s/3m0s  100.00 iters/s

running (1m15.0s), 125/180 VUs, 3679 complete and 0 interrupted iterations
baseline ✓ [ 100% ] 000/030 VUs  30s           5.00 iters/s
load       [  25% ] 125/150 VUs  0m45.0s/3m0s  100.00 iters/s

running (1m16.0s), 115/180 VUs, 3788 complete and 0 interrupted iterations
baseline ✓ [ 100% ] 000/030 VUs  30s           5.00 iters/s
load       [  26% ] 115/150 VUs  0m46.0s/3m0s  100.00 iters/s

running (1m17.0s), 093/180 VUs, 3910 complete and 0 interrupted iterations
baseline ✓ [ 100% ] 000/030 VUs  30s           5.00 iters/s
load       [  26% ] 093/150 VUs  0m47.0s/3m0s  100.00 iters/s

running (1m18.0s), 071/180 VUs, 4032 complete and 0 interrupted iterations
baseline ✓ [ 100% ] 000/030 VUs  30s           5.00 iters/s
load       [  27% ] 071/150 VUs  0m48.0s/3m0s  100.00 iters/s

running (1m19.0s), 006/180 VUs, 4198 complete and 0 interrupted iterations
baseline ✓ [ 100% ] 000/030 VUs  30s           5.00 iters/s
load       [  27% ] 006/150 VUs  0m49.0s/3m0s  100.00 iters/s

running (1m20.0s), 002/180 VUs, 4302 complete and 0 interrupted iterations
baseline ✓ [ 100% ] 000/030 VUs  30s           5.00 iters/s
load       [  28% ] 002/150 VUs  0m50.0s/3m0s  100.00 iters/s

running (1m21.0s), 004/180 VUs, 4399 complete and 0 interrupted iterations
baseline ✓ [ 100% ] 000/030 VUs  30s           5.00 iters/s
load       [  28% ] 004/150 VUs  0m51.0s/3m0s  100.00 iters/s

running (1m22.0s), 004/180 VUs, 4500 complete and 0 interrupted iterations
baseline ✓ [ 100% ] 000/030 VUs  30s           5.00 iters/s
load       [  29% ] 004/150 VUs  0m52.0s/3m0s  100.00 iters/s

running (1m23.0s), 002/180 VUs, 4602 complete and 0 interrupted iterations
baseline ✓ [ 100% ] 000/030 VUs  30s           5.00 iters/s
load       [  29% ] 002/150 VUs  0m53.0s/3m0s  100.00 iters/s

running (1m24.0s), 001/180 VUs, 4703 complete and 0 interrupted iterations
baseline ✓ [ 100% ] 000/030 VUs  30s           5.00 iters/s
load       [  30% ] 001/150 VUs  0m54.0s/3m0s  100.00 iters/s

running (1m25.0s), 002/180 VUs, 4802 complete and 0 interrupted iterations
baseline ✓ [ 100% ] 000/030 VUs  30s           5.00 iters/s
load       [  31% ] 002/150 VUs  0m55.0s/3m0s  100.00 iters/s

running (1m26.0s), 002/180 VUs, 4902 complete and 0 interrupted iterations
baseline ✓ [ 100% ] 000/030 VUs  30s           5.00 iters/s
load       [  31% ] 002/150 VUs  0m56.0s/3m0s  100.00 iters/s

running (1m27.0s), 002/180 VUs, 5002 complete and 0 interrupted iterations
baseline ✓ [ 100% ] 000/030 VUs  30s           5.00 iters/s
load       [  32% ] 002/150 VUs  0m57.0s/3m0s  100.00 iters/s

running (1m28.0s), 003/180 VUs, 5101 complete and 0 interrupted iterations
baseline ✓ [ 100% ] 000/030 VUs  30s           5.00 iters/s
load       [  32% ] 003/150 VUs  0m58.0s/3m0s  100.00 iters/s

running (1m29.0s), 001/180 VUs, 5203 complete and 0 interrupted iterations
baseline ✓ [ 100% ] 000/030 VUs  30s           5.00 iters/s
load       [  33% ] 001/150 VUs  0m59.0s/3m0s  100.00 iters/s

running (1m30.0s), 001/180 VUs, 5303 complete and 0 interrupted iterations
baseline ✓ [ 100% ] 000/030 VUs  30s           5.00 iters/s
load       [  33% ] 001/150 VUs  1m00.0s/3m0s  100.00 iters/s

running (1m31.0s), 000/180 VUs, 5403 complete and 0 interrupted iterations
baseline ✓ [ 100% ] 000/030 VUs  30s           5.00 iters/s
load       [  34% ] 000/150 VUs  1m01.0s/3m0s  100.00 iters/s

running (1m32.0s), 002/180 VUs, 5502 complete and 0 interrupted iterations
baseline ✓ [ 100% ] 000/030 VUs  30s           5.00 iters/s
load       [  34% ] 002/150 VUs  1m02.0s/3m0s  100.00 iters/s

running (1m33.0s), 000/180 VUs, 5603 complete and 0 interrupted iterations
baseline ✓ [ 100% ] 000/030 VUs  30s           5.00 iters/s
load       [  35% ] 001/150 VUs  1m03.0s/3m0s  100.00 iters/s

running (1m34.0s), 000/180 VUs, 5703 complete and 0 interrupted iterations
baseline ✓ [ 100% ] 000/030 VUs  30s           5.00 iters/s
load       [  36% ] 000/150 VUs  1m04.0s/3m0s  100.00 iters/s

running (1m35.0s), 001/180 VUs, 5803 complete and 0 interrupted iterations
baseline ✓ [ 100% ] 000/030 VUs  30s           5.00 iters/s
load       [  36% ] 001/150 VUs  1m05.0s/3m0s  100.00 iters/s

running (1m36.0s), 002/180 VUs, 5902 complete and 0 interrupted iterations
baseline ✓ [ 100% ] 000/030 VUs  30s           5.00 iters/s
load       [  37% ] 002/150 VUs  1m06.0s/3m0s  100.00 iters/s

running (1m37.0s), 001/180 VUs, 6002 complete and 0 interrupted iterations
baseline ✓ [ 100% ] 000/030 VUs  30s           5.00 iters/s
load       [  37% ] 001/150 VUs  1m07.0s/3m0s  100.00 iters/s

running (1m38.0s), 002/180 VUs, 6102 complete and 0 interrupted iterations
baseline ✓ [ 100% ] 000/030 VUs  30s           5.00 iters/s
load       [  38% ] 002/150 VUs  1m08.0s/3m0s  100.00 iters/s

running (1m39.0s), 002/180 VUs, 6202 complete and 0 interrupted iterations
baseline ✓ [ 100% ] 000/030 VUs  30s           5.00 iters/s
load       [  38% ] 002/150 VUs  1m09.0s/3m0s  100.00 iters/s

running (1m40.0s), 001/180 VUs, 6303 complete and 0 interrupted iterations
baseline ✓ [ 100% ] 000/030 VUs  30s           5.00 iters/s
load       [  39% ] 001/150 VUs  1m10.0s/3m0s  100.00 iters/s

running (1m41.0s), 001/180 VUs, 6403 complete and 0 interrupted iterations
baseline ✓ [ 100% ] 000/030 VUs  30s           5.00 iters/s
load       [  39% ] 001/150 VUs  1m11.0s/3m0s  100.00 iters/s

running (1m42.0s), 001/180 VUs, 6502 complete and 0 interrupted iterations
baseline ✓ [ 100% ] 000/030 VUs  30s           5.00 iters/s
load       [  40% ] 001/150 VUs  1m12.0s/3m0s  100.00 iters/s

running (1m43.0s), 001/180 VUs, 6603 complete and 0 interrupted iterations
baseline ✓ [ 100% ] 000/030 VUs  30s           5.00 iters/s
load       [  41% ] 001/150 VUs  1m13.0s/3m0s  100.00 iters/s

running (1m44.0s), 003/180 VUs, 6701 complete and 0 interrupted iterations
baseline ✓ [ 100% ] 000/030 VUs  30s           5.00 iters/s
load       [  41% ] 003/150 VUs  1m14.0s/3m0s  100.00 iters/s

running (1m45.0s), 001/180 VUs, 6803 complete and 0 interrupted iterations
baseline ✓ [ 100% ] 000/030 VUs  30s           5.00 iters/s
load       [  42% ] 001/150 VUs  1m15.0s/3m0s  100.00 iters/s

running (1m46.0s), 001/180 VUs, 6903 complete and 0 interrupted iterations
baseline ✓ [ 100% ] 000/030 VUs  30s           5.00 iters/s
load       [  42% ] 001/150 VUs  1m16.0s/3m0s  100.00 iters/s

running (1m47.0s), 002/180 VUs, 7002 complete and 0 interrupted iterations
baseline ✓ [ 100% ] 000/030 VUs  30s           5.00 iters/s
load       [  43% ] 002/150 VUs  1m17.0s/3m0s  100.00 iters/s

running (1m48.0s), 002/180 VUs, 7102 complete and 0 interrupted iterations
baseline ✓ [ 100% ] 000/030 VUs  30s           5.00 iters/s
load       [  43% ] 002/150 VUs  1m18.0s/3m0s  100.00 iters/s

running (1m49.0s), 001/180 VUs, 7203 complete and 0 interrupted iterations
baseline ✓ [ 100% ] 000/030 VUs  30s           5.00 iters/s
load       [  44% ] 001/150 VUs  1m19.0s/3m0s  100.00 iters/s

running (1m50.0s), 000/180 VUs, 7303 complete and 0 interrupted iterations
baseline ✓ [ 100% ] 000/030 VUs  30s           5.00 iters/s
load       [  44% ] 000/150 VUs  1m20.0s/3m0s  100.00 iters/s

running (1m51.0s), 001/180 VUs, 7403 complete and 0 interrupted iterations
baseline ✓ [ 100% ] 000/030 VUs  30s           5.00 iters/s
load       [  45% ] 001/150 VUs  1m21.0s/3m0s  100.00 iters/s

running (1m52.0s), 001/180 VUs, 7502 complete and 0 interrupted iterations
baseline ✓ [ 100% ] 000/030 VUs  30s           5.00 iters/s
load       [  46% ] 001/150 VUs  1m22.0s/3m0s  100.00 iters/s

running (1m53.0s), 001/180 VUs, 7603 complete and 0 interrupted iterations
baseline ✓ [ 100% ] 000/030 VUs  30s           5.00 iters/s
load       [  46% ] 001/150 VUs  1m23.0s/3m0s  100.00 iters/s

running (1m54.0s), 002/180 VUs, 7701 complete and 0 interrupted iterations
baseline ✓ [ 100% ] 000/030 VUs  30s           5.00 iters/s
load       [  47% ] 002/150 VUs  1m24.0s/3m0s  100.00 iters/s

running (1m55.0s), 002/180 VUs, 7802 complete and 0 interrupted iterations
baseline ✓ [ 100% ] 000/030 VUs  30s           5.00 iters/s
load       [  47% ] 002/150 VUs  1m25.0s/3m0s  100.00 iters/s

running (1m56.0s), 001/180 VUs, 7903 complete and 0 interrupted iterations
baseline ✓ [ 100% ] 000/030 VUs  30s           5.00 iters/s
load       [  48% ] 001/150 VUs  1m26.0s/3m0s  100.00 iters/s

running (1m57.0s), 001/180 VUs, 8003 complete and 0 interrupted iterations
baseline ✓ [ 100% ] 000/030 VUs  30s           5.00 iters/s
load       [  48% ] 001/150 VUs  1m27.0s/3m0s  100.00 iters/s

running (1m58.0s), 001/180 VUs, 8103 complete and 0 interrupted iterations
baseline ✓ [ 100% ] 000/030 VUs  30s           5.00 iters/s
load       [  49% ] 001/150 VUs  1m28.0s/3m0s  100.00 iters/s

running (1m59.0s), 002/180 VUs, 8202 complete and 0 interrupted iterations
baseline ✓ [ 100% ] 000/030 VUs  30s           5.00 iters/s
load       [  49% ] 002/150 VUs  1m29.0s/3m0s  100.00 iters/s

running (2m00.0s), 001/180 VUs, 8303 complete and 0 interrupted iterations
baseline ✓ [ 100% ] 000/030 VUs  30s           5.00 iters/s
load       [  50% ] 001/150 VUs  1m30.0s/3m0s  100.00 iters/s

running (2m01.0s), 000/180 VUs, 8403 complete and 0 interrupted iterations
baseline ✓ [ 100% ] 000/030 VUs  30s           5.00 iters/s
load       [  51% ] 001/150 VUs  1m31.0s/3m0s  100.00 iters/s

running (2m02.0s), 001/180 VUs, 8503 complete and 0 interrupted iterations
baseline ✓ [ 100% ] 000/030 VUs  30s           5.00 iters/s
load       [  51% ] 001/150 VUs  1m32.0s/3m0s  100.00 iters/s

running (2m03.0s), 001/180 VUs, 8603 complete and 0 interrupted iterations
baseline ✓ [ 100% ] 000/030 VUs  30s           5.00 iters/s
load       [  52% ] 001/150 VUs  1m33.0s/3m0s  100.00 iters/s

running (2m04.0s), 002/180 VUs, 8702 complete and 0 interrupted iterations
baseline ✓ [ 100% ] 000/030 VUs  30s           5.00 iters/s
load       [  52% ] 002/150 VUs  1m34.0s/3m0s  100.00 iters/s

running (2m05.0s), 001/180 VUs, 8803 complete and 0 interrupted iterations
baseline ✓ [ 100% ] 000/030 VUs  30s           5.00 iters/s
load       [  53% ] 001/150 VUs  1m35.0s/3m0s  100.00 iters/s

running (2m06.0s), 001/180 VUs, 8902 complete and 0 interrupted iterations
baseline ✓ [ 100% ] 000/030 VUs  30s           5.00 iters/s
load       [  53% ] 001/150 VUs  1m36.0s/3m0s  100.00 iters/s

running (2m07.0s), 001/180 VUs, 9003 complete and 0 interrupted iterations
baseline ✓ [ 100% ] 000/030 VUs  30s           5.00 iters/s
load       [  54% ] 001/150 VUs  1m37.0s/3m0s  100.00 iters/s

running (2m08.0s), 002/180 VUs, 9102 complete and 0 interrupted iterations
baseline ✓ [ 100% ] 000/030 VUs  30s           5.00 iters/s
load       [  54% ] 002/150 VUs  1m38.0s/3m0s  100.00 iters/s

running (2m09.0s), 001/180 VUs, 9203 complete and 0 interrupted iterations
baseline ✓ [ 100% ] 000/030 VUs  30s           5.00 iters/s
load       [  55% ] 001/150 VUs  1m39.0s/3m0s  100.00 iters/s

running (2m10.0s), 011/180 VUs, 9293 complete and 0 interrupted iterations
baseline ✓ [ 100% ] 000/030 VUs  30s           5.00 iters/s
load       [  56% ] 011/150 VUs  1m40.0s/3m0s  100.00 iters/s

running (2m11.0s), 007/180 VUs, 9396 complete and 0 interrupted iterations
baseline ✓ [ 100% ] 000/030 VUs  30s           5.00 iters/s
load       [  56% ] 007/150 VUs  1m41.0s/3m0s  100.00 iters/s

running (2m12.0s), 008/180 VUs, 9496 complete and 0 interrupted iterations
baseline ✓ [ 100% ] 000/030 VUs  30s           5.00 iters/s
load       [  57% ] 008/150 VUs  1m42.0s/3m0s  100.00 iters/s

running (2m13.0s), 001/180 VUs, 9603 complete and 0 interrupted iterations
baseline ✓ [ 100% ] 000/030 VUs  30s           5.00 iters/s
load       [  57% ] 001/150 VUs  1m43.0s/3m0s  100.00 iters/s

running (2m14.0s), 003/180 VUs, 9701 complete and 0 interrupted iterations
baseline ✓ [ 100% ] 000/030 VUs  30s           5.00 iters/s
load       [  58% ] 003/150 VUs  1m44.0s/3m0s  100.00 iters/s

running (2m15.0s), 014/180 VUs, 9789 complete and 0 interrupted iterations
baseline ✓ [ 100% ] 000/030 VUs  30s           5.00 iters/s
load       [  58% ] 015/150 VUs  1m45.0s/3m0s  100.00 iters/s

running (2m16.0s), 001/180 VUs, 9903 complete and 0 interrupted iterations
baseline ✓ [ 100% ] 000/030 VUs  30s           5.00 iters/s
load       [  59% ] 001/150 VUs  1m46.0s/3m0s  100.00 iters/s

running (2m17.0s), 000/180 VUs, 10003 complete and 0 interrupted iterations
baseline ✓ [ 100% ] 000/030 VUs  30s           5.00 iters/s
load       [  59% ] 000/150 VUs  1m47.0s/3m0s  100.00 iters/s

running (2m18.0s), 002/180 VUs, 10102 complete and 0 interrupted iterations
baseline ✓ [ 100% ] 000/030 VUs  30s           5.00 iters/s
load       [  60% ] 002/150 VUs  1m48.0s/3m0s  100.00 iters/s

running (2m19.0s), 002/180 VUs, 10202 complete and 0 interrupted iterations
baseline ✓ [ 100% ] 000/030 VUs  30s           5.00 iters/s
load       [  61% ] 002/150 VUs  1m49.0s/3m0s  100.00 iters/s

running (2m20.0s), 001/180 VUs, 10303 complete and 0 interrupted iterations
baseline ✓ [ 100% ] 000/030 VUs  30s           5.00 iters/s
load       [  61% ] 001/150 VUs  1m50.0s/3m0s  100.00 iters/s

running (2m21.0s), 000/180 VUs, 10403 complete and 0 interrupted iterations
baseline ✓ [ 100% ] 000/030 VUs  30s           5.00 iters/s
load       [  62% ] 000/150 VUs  1m51.0s/3m0s  100.00 iters/s

running (2m22.0s), 002/180 VUs, 10502 complete and 0 interrupted iterations
baseline ✓ [ 100% ] 000/030 VUs  30s           5.00 iters/s
load       [  62% ] 002/150 VUs  1m52.0s/3m0s  100.00 iters/s

running (2m23.0s), 002/180 VUs, 10602 complete and 0 interrupted iterations
baseline ✓ [ 100% ] 000/030 VUs  30s           5.00 iters/s
load       [  63% ] 002/150 VUs  1m53.0s/3m0s  100.00 iters/s

running (2m24.0s), 002/180 VUs, 10702 complete and 0 interrupted iterations
baseline ✓ [ 100% ] 000/030 VUs  30s           5.00 iters/s
load       [  63% ] 002/150 VUs  1m54.0s/3m0s  100.00 iters/s

running (2m25.0s), 002/180 VUs, 10802 complete and 0 interrupted iterations
baseline ✓ [ 100% ] 000/030 VUs  30s           5.00 iters/s
load       [  64% ] 002/150 VUs  1m55.0s/3m0s  100.00 iters/s

running (2m26.0s), 002/180 VUs, 10902 complete and 0 interrupted iterations
baseline ✓ [ 100% ] 000/030 VUs  30s           5.00 iters/s
load       [  64% ] 002/150 VUs  1m56.0s/3m0s  100.00 iters/s

running (2m27.0s), 002/180 VUs, 11002 complete and 0 interrupted iterations
baseline ✓ [ 100% ] 000/030 VUs  30s           5.00 iters/s
load       [  65% ] 002/150 VUs  1m57.0s/3m0s  100.00 iters/s

running (2m28.0s), 002/180 VUs, 11102 complete and 0 interrupted iterations
baseline ✓ [ 100% ] 000/030 VUs  30s           5.00 iters/s
load       [  66% ] 002/150 VUs  1m58.0s/3m0s  100.00 iters/s

running (2m29.0s), 001/180 VUs, 11202 complete and 0 interrupted iterations
baseline ✓ [ 100% ] 000/030 VUs  30s           5.00 iters/s
load       [  66% ] 001/150 VUs  1m59.0s/3m0s  100.00 iters/s

running (2m30.0s), 000/180 VUs, 11303 complete and 0 interrupted iterations
baseline ✓ [ 100% ] 000/030 VUs  30s           5.00 iters/s
load       [  67% ] 000/150 VUs  2m00.0s/3m0s  100.00 iters/s

running (2m31.0s), 001/180 VUs, 11403 complete and 0 interrupted iterations
baseline ✓ [ 100% ] 000/030 VUs  30s           5.00 iters/s
load       [  67% ] 001/150 VUs  2m01.0s/3m0s  100.00 iters/s

running (2m32.0s), 001/180 VUs, 11502 complete and 0 interrupted iterations
baseline ✓ [ 100% ] 000/030 VUs  30s           5.00 iters/s
load       [  68% ] 001/150 VUs  2m02.0s/3m0s  100.00 iters/s

running (2m33.0s), 000/180 VUs, 11603 complete and 0 interrupted iterations
baseline ✓ [ 100% ] 000/030 VUs  30s           5.00 iters/s
load       [  68% ] 000/150 VUs  2m03.0s/3m0s  100.00 iters/s

running (2m34.0s), 006/180 VUs, 11699 complete and 0 interrupted iterations
baseline ✓ [ 100% ] 000/030 VUs  30s           5.00 iters/s
load       [  69% ] 006/150 VUs  2m04.0s/3m0s  100.00 iters/s

running (2m35.0s), 002/180 VUs, 11802 complete and 0 interrupted iterations
baseline ✓ [ 100% ] 000/030 VUs  30s           5.00 iters/s
load       [  69% ] 002/150 VUs  2m05.0s/3m0s  100.00 iters/s

running (2m36.0s), 001/180 VUs, 11903 complete and 0 interrupted iterations
baseline ✓ [ 100% ] 000/030 VUs  30s           5.00 iters/s
load       [  70% ] 001/150 VUs  2m06.0s/3m0s  100.00 iters/s

running (2m37.0s), 002/180 VUs, 12002 complete and 0 interrupted iterations
baseline ✓ [ 100% ] 000/030 VUs  30s           5.00 iters/s
load       [  71% ] 002/150 VUs  2m07.0s/3m0s  100.00 iters/s

running (2m38.0s), 001/180 VUs, 12103 complete and 0 interrupted iterations
baseline ✓ [ 100% ] 000/030 VUs  30s           5.00 iters/s
load       [  71% ] 001/150 VUs  2m08.0s/3m0s  100.00 iters/s

running (2m39.0s), 001/180 VUs, 12203 complete and 0 interrupted iterations
baseline ✓ [ 100% ] 000/030 VUs  30s           5.00 iters/s
load       [  72% ] 001/150 VUs  2m09.0s/3m0s  100.00 iters/s

running (2m40.0s), 001/180 VUs, 12303 complete and 0 interrupted iterations
baseline ✓ [ 100% ] 000/030 VUs  30s           5.00 iters/s
load       [  72% ] 001/150 VUs  2m10.0s/3m0s  100.00 iters/s

running (2m41.0s), 000/180 VUs, 12403 complete and 0 interrupted iterations
baseline ✓ [ 100% ] 000/030 VUs  30s           5.00 iters/s
load       [  73% ] 001/150 VUs  2m11.0s/3m0s  100.00 iters/s

running (2m42.0s), 002/180 VUs, 12502 complete and 0 interrupted iterations
baseline ✓ [ 100% ] 000/030 VUs  30s           5.00 iters/s
load       [  73% ] 002/150 VUs  2m12.0s/3m0s  100.00 iters/s

running (2m43.0s), 001/180 VUs, 12603 complete and 0 interrupted iterations
baseline ✓ [ 100% ] 000/030 VUs  30s           5.00 iters/s
load       [  74% ] 001/150 VUs  2m13.0s/3m0s  100.00 iters/s

running (2m44.0s), 002/180 VUs, 12702 complete and 0 interrupted iterations
baseline ✓ [ 100% ] 000/030 VUs  30s           5.00 iters/s
load       [  74% ] 002/150 VUs  2m14.0s/3m0s  100.00 iters/s

running (2m45.0s), 001/180 VUs, 12802 complete and 0 interrupted iterations
baseline ✓ [ 100% ] 000/030 VUs  30s           5.00 iters/s
load       [  75% ] 001/150 VUs  2m15.0s/3m0s  100.00 iters/s

running (2m46.0s), 002/180 VUs, 12902 complete and 0 interrupted iterations
baseline ✓ [ 100% ] 000/030 VUs  30s           5.00 iters/s
load       [  76% ] 002/150 VUs  2m16.0s/3m0s  100.00 iters/s

running (2m47.0s), 000/180 VUs, 13003 complete and 0 interrupted iterations
baseline ✓ [ 100% ] 000/030 VUs  30s           5.00 iters/s
load       [  76% ] 000/150 VUs  2m17.0s/3m0s  100.00 iters/s

running (2m48.0s), 001/180 VUs, 13103 complete and 0 interrupted iterations
baseline ✓ [ 100% ] 000/030 VUs  30s           5.00 iters/s
load       [  77% ] 001/150 VUs  2m18.0s/3m0s  100.00 iters/s

running (2m49.0s), 001/180 VUs, 13203 complete and 0 interrupted iterations
baseline ✓ [ 100% ] 000/030 VUs  30s           5.00 iters/s
load       [  77% ] 001/150 VUs  2m19.0s/3m0s  100.00 iters/s

running (2m50.0s), 001/180 VUs, 13303 complete and 0 interrupted iterations
baseline ✓ [ 100% ] 000/030 VUs  30s           5.00 iters/s
load       [  78% ] 001/150 VUs  2m20.0s/3m0s  100.00 iters/s

running (2m51.0s), 001/180 VUs, 13403 complete and 0 interrupted iterations
baseline ✓ [ 100% ] 000/030 VUs  30s           5.00 iters/s
load       [  78% ] 001/150 VUs  2m21.0s/3m0s  100.00 iters/s

running (2m52.0s), 001/180 VUs, 13503 complete and 0 interrupted iterations
baseline ✓ [ 100% ] 000/030 VUs  30s           5.00 iters/s
load       [  79% ] 001/150 VUs  2m22.0s/3m0s  100.00 iters/s

running (2m53.0s), 001/180 VUs, 13603 complete and 0 interrupted iterations
baseline ✓ [ 100% ] 000/030 VUs  30s           5.00 iters/s
load       [  79% ] 001/150 VUs  2m23.0s/3m0s  100.00 iters/s

running (2m54.0s), 001/180 VUs, 13702 complete and 0 interrupted iterations
baseline ✓ [ 100% ] 000/030 VUs  30s           5.00 iters/s
load       [  80% ] 001/150 VUs  2m24.0s/3m0s  100.00 iters/s

running (2m55.0s), 001/180 VUs, 13803 complete and 0 interrupted iterations
baseline ✓ [ 100% ] 000/030 VUs  30s           5.00 iters/s
load       [  81% ] 001/150 VUs  2m25.0s/3m0s  100.00 iters/s

running (2m56.0s), 001/180 VUs, 13903 complete and 0 interrupted iterations
baseline ✓ [ 100% ] 000/030 VUs  30s           5.00 iters/s
load       [  81% ] 001/150 VUs  2m26.0s/3m0s  100.00 iters/s

running (2m57.0s), 001/180 VUs, 14003 complete and 0 interrupted iterations
baseline ✓ [ 100% ] 000/030 VUs  30s           5.00 iters/s
load       [  82% ] 001/150 VUs  2m27.0s/3m0s  100.00 iters/s

running (2m58.0s), 001/180 VUs, 14103 complete and 0 interrupted iterations
baseline ✓ [ 100% ] 000/030 VUs  30s           5.00 iters/s
load       [  82% ] 001/150 VUs  2m28.0s/3m0s  100.00 iters/s

running (2m59.0s), 001/180 VUs, 14203 complete and 0 interrupted iterations
baseline ✓ [ 100% ] 000/030 VUs  30s           5.00 iters/s
load       [  83% ] 001/150 VUs  2m29.0s/3m0s  100.00 iters/s

running (3m00.0s), 001/180 VUs, 14303 complete and 0 interrupted iterations
baseline ✓ [ 100% ] 000/030 VUs  30s           5.00 iters/s
load       [  83% ] 001/150 VUs  2m30.0s/3m0s  100.00 iters/s

running (3m01.0s), 001/180 VUs, 14403 complete and 0 interrupted iterations
baseline ✓ [ 100% ] 000/030 VUs  30s           5.00 iters/s
load       [  84% ] 001/150 VUs  2m31.0s/3m0s  100.00 iters/s

running (3m02.0s), 000/180 VUs, 14503 complete and 0 interrupted iterations
baseline ✓ [ 100% ] 000/030 VUs  30s           5.00 iters/s
load       [  84% ] 000/150 VUs  2m32.0s/3m0s  100.00 iters/s

running (3m03.0s), 001/180 VUs, 14603 complete and 0 interrupted iterations
baseline ✓ [ 100% ] 000/030 VUs  30s           5.00 iters/s
load       [  85% ] 001/150 VUs  2m33.0s/3m0s  100.00 iters/s

running (3m04.0s), 002/180 VUs, 14701 complete and 0 interrupted iterations
baseline ✓ [ 100% ] 000/030 VUs  30s           5.00 iters/s
load       [  86% ] 003/150 VUs  2m34.0s/3m0s  100.00 iters/s

running (3m05.0s), 001/180 VUs, 14803 complete and 0 interrupted iterations
baseline ✓ [ 100% ] 000/030 VUs  30s           5.00 iters/s
load       [  86% ] 001/150 VUs  2m35.0s/3m0s  100.00 iters/s

running (3m06.0s), 001/180 VUs, 14903 complete and 0 interrupted iterations
baseline ✓ [ 100% ] 000/030 VUs  30s           5.00 iters/s
load       [  87% ] 001/150 VUs  2m36.0s/3m0s  100.00 iters/s

running (3m07.0s), 001/180 VUs, 15003 complete and 0 interrupted iterations
baseline ✓ [ 100% ] 000/030 VUs  30s           5.00 iters/s
load       [  87% ] 001/150 VUs  2m37.0s/3m0s  100.00 iters/s

running (3m08.0s), 001/180 VUs, 15103 complete and 0 interrupted iterations
baseline ✓ [ 100% ] 000/030 VUs  30s           5.00 iters/s
load       [  88% ] 001/150 VUs  2m38.0s/3m0s  100.00 iters/s

running (3m09.0s), 001/180 VUs, 15203 complete and 0 interrupted iterations
baseline ✓ [ 100% ] 000/030 VUs  30s           5.00 iters/s
load       [  88% ] 001/150 VUs  2m39.0s/3m0s  100.00 iters/s

running (3m10.0s), 000/180 VUs, 15303 complete and 0 interrupted iterations
baseline ✓ [ 100% ] 000/030 VUs  30s           5.00 iters/s
load       [  89% ] 000/150 VUs  2m40.0s/3m0s  100.00 iters/s

running (3m11.0s), 002/180 VUs, 15402 complete and 0 interrupted iterations
baseline ✓ [ 100% ] 000/030 VUs  30s           5.00 iters/s
load       [  89% ] 002/150 VUs  2m41.0s/3m0s  100.00 iters/s

running (3m12.0s), 001/180 VUs, 15503 complete and 0 interrupted iterations
baseline ✓ [ 100% ] 000/030 VUs  30s           5.00 iters/s
load       [  90% ] 001/150 VUs  2m42.0s/3m0s  100.00 iters/s

running (3m13.0s), 002/180 VUs, 15602 complete and 0 interrupted iterations
baseline ✓ [ 100% ] 000/030 VUs  30s           5.00 iters/s
load       [  91% ] 002/150 VUs  2m43.0s/3m0s  100.00 iters/s

running (3m14.0s), 003/180 VUs, 15701 complete and 0 interrupted iterations
baseline ✓ [ 100% ] 000/030 VUs  30s           5.00 iters/s
load       [  91% ] 003/150 VUs  2m44.0s/3m0s  100.00 iters/s

running (3m15.0s), 001/180 VUs, 15803 complete and 0 interrupted iterations
baseline ✓ [ 100% ] 000/030 VUs  30s           5.00 iters/s
load       [  92% ] 001/150 VUs  2m45.0s/3m0s  100.00 iters/s

running (3m16.0s), 000/180 VUs, 15903 complete and 0 interrupted iterations
baseline ✓ [ 100% ] 000/030 VUs  30s           5.00 iters/s
load       [  92% ] 000/150 VUs  2m46.0s/3m0s  100.00 iters/s

running (3m17.0s), 001/180 VUs, 16003 complete and 0 interrupted iterations
baseline ✓ [ 100% ] 000/030 VUs  30s           5.00 iters/s
load       [  93% ] 001/150 VUs  2m47.0s/3m0s  100.00 iters/s

running (3m18.0s), 001/180 VUs, 16103 complete and 0 interrupted iterations
baseline ✓ [ 100% ] 000/030 VUs  30s           5.00 iters/s
load       [  93% ] 001/150 VUs  2m48.0s/3m0s  100.00 iters/s

running (3m19.0s), 001/180 VUs, 16203 complete and 0 interrupted iterations
baseline ✓ [ 100% ] 000/030 VUs  30s           5.00 iters/s
load       [  94% ] 001/150 VUs  2m49.0s/3m0s  100.00 iters/s

running (3m20.0s), 001/180 VUs, 16303 complete and 0 interrupted iterations
baseline ✓ [ 100% ] 000/030 VUs  30s           5.00 iters/s
load       [  94% ] 001/150 VUs  2m50.0s/3m0s  100.00 iters/s

running (3m21.0s), 000/180 VUs, 16403 complete and 0 interrupted iterations
baseline ✓ [ 100% ] 000/030 VUs  30s           5.00 iters/s
load       [  95% ] 000/150 VUs  2m51.0s/3m0s  100.00 iters/s

running (3m22.0s), 002/180 VUs, 16502 complete and 0 interrupted iterations
baseline ✓ [ 100% ] 000/030 VUs  30s           5.00 iters/s
load       [  96% ] 002/150 VUs  2m52.0s/3m0s  100.00 iters/s

running (3m23.0s), 001/180 VUs, 16603 complete and 0 interrupted iterations
baseline ✓ [ 100% ] 000/030 VUs  30s           5.00 iters/s
load       [  96% ] 001/150 VUs  2m53.0s/3m0s  100.00 iters/s

running (3m24.0s), 001/180 VUs, 16702 complete and 0 interrupted iterations
baseline ✓ [ 100% ] 000/030 VUs  30s           5.00 iters/s
load       [  97% ] 001/150 VUs  2m54.0s/3m0s  100.00 iters/s

running (3m25.0s), 001/180 VUs, 16803 complete and 0 interrupted iterations
baseline ✓ [ 100% ] 000/030 VUs  30s           5.00 iters/s
load       [  97% ] 001/150 VUs  2m55.0s/3m0s  100.00 iters/s

running (3m26.0s), 001/180 VUs, 16903 complete and 0 interrupted iterations
baseline ✓ [ 100% ] 000/030 VUs  30s           5.00 iters/s
load       [  98% ] 001/150 VUs  2m56.0s/3m0s  100.00 iters/s

running (3m27.0s), 000/180 VUs, 17003 complete and 0 interrupted iterations
baseline ✓ [ 100% ] 000/030 VUs  30s           5.00 iters/s
load       [  98% ] 000/150 VUs  2m57.0s/3m0s  100.00 iters/s

running (3m28.0s), 001/180 VUs, 17103 complete and 0 interrupted iterations
baseline ✓ [ 100% ] 000/030 VUs  30s           5.00 iters/s
load       [  99% ] 001/150 VUs  2m58.0s/3m0s  100.00 iters/s

running (3m29.0s), 001/180 VUs, 17203 complete and 0 interrupted iterations
baseline ✓ [ 100% ] 000/030 VUs  30s           5.00 iters/s
load       [  99% ] 001/150 VUs  2m59.0s/3m0s  100.00 iters/s

running (3m30.0s), 000/180 VUs, 17303 complete and 0 interrupted iterations
baseline ✓ [ 100% ] 000/030 VUs  30s           5.00 iters/s
load       [ 100% ] 000/150 VUs  3m00.0s/3m0s  100.00 iters/s

     ✓ HTTP 200

   ✓ checks.........................: 100.00% 17304 out of 17304
     data_received..................: 256 MB  1.2 MB/s
     data_sent......................: 2.1 MB  10 kB/s
   ✗ dropped_iterations.............: 847     4.033622/s
     http_req_blocked...............: avg=21.47µs  min=4.88µs  med=10.45µs  max=23.99ms  p(90)=16.08µs  p(95)=26.58µs 
     http_req_connecting............: avg=6.92µs   min=0s      med=0s       max=23.86ms  p(90)=0s       p(95)=0s      
     http_req_duration..............: avg=345.62ms min=4.92ms  med=9.42ms   max=4.32s    p(90)=1.7s     p(95)=2.51s   
       { expected_response:true }...: avg=345.62ms min=4.92ms  med=9.42ms   max=4.32s    p(90)=1.7s     p(95)=2.51s   
   ✓ http_req_failed................: 0.00%   0 out of 17304
     http_req_receiving.............: avg=6.41ms   min=26.3µs  med=141.11µs max=606.97ms p(90)=826.56µs p(95)=28.97ms 
     http_req_sending...............: avg=65.81µs  min=12.99µs med=51.88µs  max=16.98ms  p(90)=85.14µs  p(95)=111.93µs
     http_req_tls_handshaking.......: avg=0s       min=0s      med=0s       max=0s       p(90)=0s       p(95)=0s      
     http_req_waiting...............: avg=339.14ms min=4.75ms  med=9.21ms   max=4.06s    p(90)=1.68s    p(95)=2.45s   
     http_reqs......................: 17304   82.405896/s
     iteration_duration.............: avg=346.06ms min=5.19ms  med=9.76ms   max=4.32s    p(90)=1.7s     p(95)=2.51s   
     iterations.....................: 17304   82.405896/s
     vus............................: 1       min=0              max=150
     vus_max........................: 180     min=60             max=180


running (3m30.0s), 000/180 VUs, 17304 complete and 0 interrupted iterations
baseline ✓ [ 100% ] 000/030 VUs  30s   5.00 iters/s
load     ✓ [ 100% ] 000/150 VUs  3m0s  100.00 iters/s
time="2026-09-27T11:21:19Z" level=error msg="thresholds on metrics 'dropped_iterations' have been crossed"
